// Jest Snapshot v1, https://goo.gl/fbAQLP

exports[`choose card screen renders correctly 1`] = `
<RCTScrollView
  backgroundColor="#f6f6f6"
  contentContainerStyle={
    Object {
      "alignItems": "center",
      "flexGrow": 1,
      "paddingBottom": 16,
      "paddingHorizontal": 16,
    }
  }
  style={
    Array [
      Object {
        "backgroundColor": "#f6f6f6",
        "flexBasis": 0,
        "flexGrow": 1,
        "flexShrink": 1,
      },
    ]
  }
>
  <View>
    <View
      style={
        Array [
          Object {
            "flexDirection": "row",
            "justifyContent": "space-evenly",
            "paddingBottom": 24,
            "paddingLeft": 16,
            "paddingRight": 16,
            "paddingTop": 24,
            "width": "100%",
          },
        ]
      }
    >
      <View
        style={
          Array [
            Object {
              "alignItems": "center",
              "justifyContent": "center",
            },
          ]
        }
      >
        <Text
          style={
            Array [
              Object {
                "color": "#000000",
                "fontFamily": "System",
                "fontWeight": "400",
              },
              Object {
                "textAlign": "left",
              },
              Array [
                Object {
                  "textAlign": "left",
                },
                Object {
                  "color": "rgba(0, 0, 0, 0.87)",
                  "fontFamily": "System",
                  "fontWeight": "400",
                  "writingDirection": "ltr",
                },
                Array [
                  Object {
                    "fontSize": 14,
                    "letterSpacing": 0.25,
                    "lineHeight": 20,
                    "marginVertical": 2,
                  },
                  Array [
                    Object {
                      "color": "#6200ee",
                    },
                  ],
                ],
              ],
            ]
          }
          textColor="#6200ee"
        >
          Category
        </Text>
        <Text
          style={
            Array [
              Object {
                "color": "#000000",
                "fontFamily": "System",
                "fontWeight": "400",
              },
              Object {
                "textAlign": "left",
              },
              Array [
                Object {
                  "textAlign": "left",
                },
                Object {
                  "color": "rgba(0, 0, 0, 0.87)",
                  "fontFamily": "System",
                  "fontWeight": "500",
                  "writingDirection": "ltr",
                },
                Array [
                  Object {
                    "fontSize": 20,
                    "letterSpacing": 0.15,
                    "lineHeight": 30,
                    "marginVertical": 2,
                  },
                  Array [
                    Object {
                      "color": "#6200ee",
                    },
                  ],
                ],
              ],
            ]
          }
          textColor="#6200ee"
        >
          
        </Text>
      </View>
      <View
        style={
          Array [
            Object {
              "alignItems": "center",
              "justifyContent": "center",
            },
          ]
        }
      >
        <Text
          style={
            Array [
              Object {
                "color": "#000000",
                "fontFamily": "System",
                "fontWeight": "400",
              },
              Object {
                "textAlign": "left",
              },
              Array [
                Object {
                  "textAlign": "left",
                },
                Object {
                  "color": "rgba(0, 0, 0, 0.87)",
                  "fontFamily": "System",
                  "fontWeight": "400",
                  "writingDirection": "ltr",
                },
                Array [
                  Object {
                    "fontSize": 14,
                    "letterSpacing": 0.25,
                    "lineHeight": 20,
                    "marginVertical": 2,
                  },
                  Array [
                    Object {
                      "color": "#6200ee",
                    },
                  ],
                ],
              ],
            ]
          }
          textColor="#6200ee"
        >
          Resource
        </Text>
        <Text
          style={
            Array [
              Object {
                "color": "#000000",
                "fontFamily": "System",
                "fontWeight": "400",
              },
              Object {
                "textAlign": "left",
              },
              Array [
                Object {
                  "textAlign": "left",
                },
                Object {
                  "color": "rgba(0, 0, 0, 0.87)",
                  "fontFamily": "System",
                  "fontWeight": "500",
                  "writingDirection": "ltr",
                },
                Array [
                  Object {
                    "fontSize": 20,
                    "letterSpacing": 0.15,
                    "lineHeight": 30,
                    "marginVertical": 2,
                  },
                  Array [
                    Object {
                      "color": "#6200ee",
                    },
                  ],
                ],
              ],
            ]
          }
          textColor="#6200ee"
        >
          
        </Text>
      </View>
    </View>
    <Text
      style={
        Array [
          Object {
            "color": "#000000",
            "fontFamily": "System",
            "fontWeight": "400",
          },
          Object {
            "textAlign": "left",
          },
          Array [
            Object {
              "textAlign": "left",
            },
            Object {
              "color": "rgba(0, 0, 0, 0.87)",
              "fontFamily": "System",
              "fontWeight": "500",
              "writingDirection": "ltr",
            },
            Array [
              Object {
                "fontSize": 20,
                "letterSpacing": 0.15,
                "lineHeight": 30,
                "marginVertical": 2,
              },
              Array [
                Object {
                  "color": "#6200ee",
                  "marginBottom": 12,
                  "marginLeft": 0,
                  "marginRight": 0,
                  "marginTop": 24,
                },
              ],
            ],
          ],
        ]
      }
      textColor="#6200ee"
    >
      Choose card
    </Text>
    <View
      style={
        Array [
          Object {
            "flexDirection": "row",
            "justifyContent": "space-evenly",
            "paddingBottom": 24,
            "paddingLeft": 16,
            "paddingRight": 16,
            "paddingTop": 24,
            "width": "100%",
          },
        ]
      }
    >
      <View
        accessibilityState={
          Object {
            "disabled": false,
          }
        }
        accessible={true}
        collapsable={false}
        focusable={true}
        onClick={[Function]}
        onResponderGrant={[Function]}
        onResponderMove={[Function]}
        onResponderRelease={[Function]}
        onResponderTerminate={[Function]}
        onResponderTerminationRequest={[Function]}
        onStartShouldSetResponder={[Function]}
        style={
          Object {
            "alignItems": "center",
            "aspectRatio": 0.6,
            "backgroundColor": "white",
            "borderRadius": 8,
            "flexBasis": 0,
            "flexGrow": 1,
            "flexShrink": 1,
            "justifyContent": "center",
            "opacity": 1,
          }
        }
      >
        <Text
          style={
            Array [
              Object {
                "color": "#000000",
                "fontFamily": "System",
                "fontWeight": "400",
              },
              Object {
                "textAlign": "left",
              },
              Array [
                Object {
                  "textAlign": "left",
                },
                Object {
                  "color": "rgba(0, 0, 0, 0.87)",
                  "fontFamily": "System",
                  "fontWeight": "500",
                  "writingDirection": "ltr",
                },
                Array [
                  Object {
                    "fontSize": 20,
                    "letterSpacing": 0.15,
                    "lineHeight": 30,
                    "marginVertical": 2,
                  },
                  undefined,
                ],
              ],
            ]
          }
        >
          ?
        </Text>
      </View>
      <View
        style={
          Array [
            Object {
              "height": 0,
              "width": 24,
            },
          ]
        }
        width={24}
      />
      <View
        accessibilityState={
          Object {
            "disabled": false,
          }
        }
        accessible={true}
        collapsable={false}
        focusable={true}
        onClick={[Function]}
        onResponderGrant={[Function]}
        onResponderMove={[Function]}
        onResponderRelease={[Function]}
        onResponderTerminate={[Function]}
        onResponderTerminationRequest={[Function]}
        onStartShouldSetResponder={[Function]}
        style={
          Object {
            "alignItems": "center",
            "aspectRatio": 0.6,
            "backgroundColor": "white",
            "borderRadius": 8,
            "flexBasis": 0,
            "flexGrow": 1,
            "flexShrink": 1,
            "justifyContent": "center",
            "opacity": 1,
          }
        }
      >
        <Text
          style={
            Array [
              Object {
                "color": "#000000",
                "fontFamily": "System",
                "fontWeight": "400",
              },
              Object {
                "textAlign": "left",
              },
              Array [
                Object {
                  "textAlign": "left",
                },
                Object {
                  "color": "rgba(0, 0, 0, 0.87)",
                  "fontFamily": "System",
                  "fontWeight": "500",
                  "writingDirection": "ltr",
                },
                Array [
                  Object {
                    "fontSize": 20,
                    "letterSpacing": 0.15,
                    "lineHeight": 30,
                    "marginVertical": 2,
                  },
                  undefined,
                ],
              ],
            ]
          }
        >
          ?
        </Text>
      </View>
    </View>
    <Text
      style={
        Array [
          Object {
            "color": "#000000",
            "fontFamily": "System",
            "fontWeight": "400",
          },
          Object {
            "textAlign": "left",
          },
          Array [
            Object {
              "textAlign": "left",
            },
            Object {
              "color": "rgba(0, 0, 0, 0.87)",
              "fontFamily": "System",
              "fontWeight": "500",
              "writingDirection": "ltr",
            },
            Array [
              Object {
                "fontSize": 20,
                "letterSpacing": 0.15,
                "lineHeight": 30,
                "marginVertical": 2,
              },
              Array [
                Object {
                  "color": "#6200ee",
                },
              ],
            ],
          ],
        ]
      }
      textColor="#6200ee"
    >
      Couldn't resolve winner please go to start
    </Text>
  </View>
</RCTScrollView>
`;
