// Jest Snapshot v1, https://goo.gl/fbAQLP

exports[`text sections renders correctly 1`] = `
<View
  style={
    Array [
      Object {
        "flexDirection": "row",
        "justifyContent": "space-evenly",
        "paddingBottom": 24,
        "paddingLeft": 16,
        "paddingRight": 16,
        "paddingTop": 24,
        "width": "100%",
      },
    ]
  }
>
  <View
    style={
      Array [
        Object {
          "alignItems": "center",
          "justifyContent": "center",
        },
      ]
    }
  >
    <Text
      style={
        Array [
          Object {
            "color": "#000000",
            "fontFamily": "System",
            "fontWeight": "400",
          },
          Object {
            "textAlign": "left",
          },
          Array [
            Object {
              "textAlign": "left",
            },
            Object {
              "color": "rgba(0, 0, 0, 0.87)",
              "fontFamily": "System",
              "fontWeight": "400",
              "writingDirection": "ltr",
            },
            Array [
              Object {
                "fontSize": 14,
                "letterSpacing": 0.25,
                "lineHeight": 20,
                "marginVertical": 2,
              },
              Array [
                Object {
                  "color": "#6200ee",
                },
              ],
            ],
          ],
        ]
      }
      textColor="#6200ee"
    >
      leftTop
    </Text>
    <Text
      style={
        Array [
          Object {
            "color": "#000000",
            "fontFamily": "System",
            "fontWeight": "400",
          },
          Object {
            "textAlign": "left",
          },
          Array [
            Object {
              "textAlign": "left",
            },
            Object {
              "color": "rgba(0, 0, 0, 0.87)",
              "fontFamily": "System",
              "fontWeight": "500",
              "writingDirection": "ltr",
            },
            Array [
              Object {
                "fontSize": 20,
                "letterSpacing": 0.15,
                "lineHeight": 30,
                "marginVertical": 2,
              },
              Array [
                Object {
                  "color": "#6200ee",
                },
              ],
            ],
          ],
        ]
      }
      textColor="#6200ee"
    >
      bottomLeft
    </Text>
  </View>
  <View
    style={
      Array [
        Object {
          "alignItems": "center",
          "justifyContent": "center",
        },
      ]
    }
  >
    <Text
      style={
        Array [
          Object {
            "color": "#000000",
            "fontFamily": "System",
            "fontWeight": "400",
          },
          Object {
            "textAlign": "left",
          },
          Array [
            Object {
              "textAlign": "left",
            },
            Object {
              "color": "rgba(0, 0, 0, 0.87)",
              "fontFamily": "System",
              "fontWeight": "400",
              "writingDirection": "ltr",
            },
            Array [
              Object {
                "fontSize": 14,
                "letterSpacing": 0.25,
                "lineHeight": 20,
                "marginVertical": 2,
              },
              Array [
                Object {
                  "color": "#6200ee",
                },
              ],
            ],
          ],
        ]
      }
      textColor="#6200ee"
    >
      rightTop
    </Text>
    <Text
      style={
        Array [
          Object {
            "color": "#000000",
            "fontFamily": "System",
            "fontWeight": "400",
          },
          Object {
            "textAlign": "left",
          },
          Array [
            Object {
              "textAlign": "left",
            },
            Object {
              "color": "rgba(0, 0, 0, 0.87)",
              "fontFamily": "System",
              "fontWeight": "500",
              "writingDirection": "ltr",
            },
            Array [
              Object {
                "fontSize": 20,
                "letterSpacing": 0.15,
                "lineHeight": 30,
                "marginVertical": 2,
              },
              Array [
                Object {
                  "color": "#6200ee",
                },
              ],
            ],
          ],
        ]
      }
      textColor="#6200ee"
    >
      bottomRight
    </Text>
  </View>
</View>
`;
